16:08:36 **** Incremental Build of configuration Debug for project PIR_Testing ****
make -j8 all 
arm-none-eabi-size   PIR_Testing.elf 
   text	   data	    bss	    dec	    hex	filename
   5936	     20	   1580	   7536	   1d70	PIR_Testing.elf
Finished building: default.size.stdout
 
16:08:49 **** Incremental Build of configuration Debug for project PIR_Testing ****
make -j8 all 
arm-none-eabi-size   PIR_Testing.elf 
   text	   data	    bss	    dec	    hex	filename
   5936	     20	   1580	   7536	   1d70	PIR_Testing.elf
Finished building: default.size.stdout
 
